================================================
          KOSTO POS - TICKET DE VENTA           
================================================
Fecha: 2026-06-16T23:29:45.783675
Cajero: CAJERO-01
Ticket ID: 1
------------------------------------------------
Cant Descripción          P.Unit           Total
------------------------------------------------
2    Chocolate            $1.00            $2.00
------------------------------------------------
                   SUBTOTAL:               $2.00
                   DESCUENTO:              $0.00
                   IVA (16%):              $0.32
                   TOTAL:                  $2.32
------------------------------------------------
                   PAGO CON:               $5.00
                   CAMBIO:                 $2.68
================================================
          ¡Gracias por su preferencia!          
================================================


================================================
          KOSTO POS - TICKET DE VENTA           
================================================
Fecha: 2026-06-16T23:29:45.785556
Cajero: CAJERO-01
Ticket ID: 1
------------------------------------------------
Cant Descripción          P.Unit           Total
------------------------------------------------
2    Chocolate            $1.00            $2.00
------------------------------------------------
                   SUBTOTAL:               $2.00
                   DESCUENTO:              $0.00
                   IVA (16%):              $0.32
                   TOTAL:                  $2.32
------------------------------------------------
                   PAGO CON:               $5.00
                   CAMBIO:                 $2.68
================================================
          ¡Gracias por su preferencia!          
================================================


================================================
          KOSTO POS - TICKET DE VENTA           
================================================
Fecha: 2026-06-16T23:30:53.952524
Cajero: CAJERO-01
Ticket ID: 1
------------------------------------------------
Cant Descripción          P.Unit           Total
------------------------------------------------
2    Chocolate            $1.00            $2.00
------------------------------------------------
                   SUBTOTAL:               $2.00
                   DESCUENTO:              $0.00
                   IVA (16%):              $0.32
                   TOTAL:                  $2.32
------------------------------------------------
                   PAGO CON:               $5.00
                   CAMBIO:                 $2.68
================================================
          ¡Gracias por su preferencia!          
================================================


================================================
          KOSTO POS - TICKET DE VENTA           
================================================
Fecha: 2026-06-16T23:30:53.956308
Cajero: CAJERO-01
Ticket ID: 1
------------------------------------------------
Cant Descripción          P.Unit           Total
------------------------------------------------
2    Chocolate            $1.00            $2.00
------------------------------------------------
                   SUBTOTAL:               $2.00
                   DESCUENTO:              $0.00
                   IVA (16%):              $0.32
                   TOTAL:                  $2.32
------------------------------------------------
                   PAGO CON:               $5.00
                   CAMBIO:                 $2.68
================================================
          ¡Gracias por su preferencia!          
================================================


================================================
          KOSTO POS - TICKET DE VENTA           
================================================
Fecha: 2026-06-16T23:32:07.630767
Cajero: CAJERO-01
Ticket ID: 1
------------------------------------------------
Cant Descripción          P.Unit           Total
------------------------------------------------
2    Chocolate            $1.00            $2.00
------------------------------------------------
                   SUBTOTAL:               $2.00
                   DESCUENTO:              $0.00
                   IVA (16%):              $0.32
                   TOTAL:                  $2.32
------------------------------------------------
                   PAGO CON:               $5.00
                   CAMBIO:                 $2.68
================================================
          ¡Gracias por su preferencia!          
================================================


================================================
          KOSTO POS - TICKET DE VENTA           
================================================
Fecha: 2026-06-16T23:32:07.632529
Cajero: CAJERO-01
Ticket ID: 1
------------------------------------------------
Cant Descripción          P.Unit           Total
------------------------------------------------
2    Chocolate            $1.00            $2.00
------------------------------------------------
                   SUBTOTAL:               $2.00
                   DESCUENTO:              $0.00
                   IVA (16%):              $0.32
                   TOTAL:                  $2.32
------------------------------------------------
                   PAGO CON:               $5.00
                   CAMBIO:                 $2.68
================================================
          ¡Gracias por su preferencia!          
================================================


